\BOOKMARK [1][-]{section*.1}{\376\377\000T\000a\000b\000l\000e\000\040\000d\000e\000s\000\040\000m\000a\000t\000i\000\350\000r\000e\000s}{}% 1
\BOOKMARK [1][-]{section.1}{\376\377\000R\000\351\000s\000u\000m\000\351}{}% 2
\BOOKMARK [1][-]{section.2}{\376\377\000I\000n\000t\000r\000o\000d\000u\000c\000t\000i\000o\000n}{}% 3
\BOOKMARK [1][-]{section.3}{\376\377\000C\000o\000n\000t\000e\000x\000t\000e}{}% 4
\BOOKMARK [1][-]{section.4}{\376\377\000M\000o\000d\000\351\000l\000i\000s\000a\000t\000i\000o\000n\000\040\0001\000D}{}% 5
\BOOKMARK [2][-]{subsection.4.1}{\376\377\000E\000t\000u\000d\000e\000\040\000A\000n\000a\000l\000y\000t\000i\000q\000u\000e}{section.4}% 6
\BOOKMARK [3][-]{subsubsection.4.1.1}{\376\377\000M\000o\000d\000\351\000l\000i\000s\000a\000t\000i\000o\000n\000\040\000d\000e\000\040\000l\000a\000\040\000c\000h\000a\000r\000g\000e\000\040\000r\000\351\000p\000a\000r\000t\000i\000e}{subsection.4.1}% 7
\BOOKMARK [3][-]{subsubsection.4.1.2}{\376\377\000R\000e\000l\000a\000t\000i\000o\000n\000\040\000f\000o\000n\000d\000a\000m\000e\000n\000t\000a\000l\000e\000\040\000d\000e\000\040\000l\000a\000\040\000f\000l\000e\000x\000i\000o\000n}{subsection.4.1}% 8
\BOOKMARK [3][-]{subsubsection.4.1.3}{\376\377\000F\000o\000r\000m\000u\000l\000a\000t\000i\000o\000n\000\040\000a\000n\000a\000l\000y\000t\000i\000q\000u\000e\000\040\000d\000u\000\040\000p\000r\000o\000b\000l\000\350\000m\000e}{subsection.4.1}% 9
\BOOKMARK [2][-]{subsection.4.2}{\376\377\000M\000\351\000t\000h\000o\000d\000e\000\040\000n\000u\000m\000\351\000r\000i\000q\000u\000e}{section.4}% 10
\BOOKMARK [3][-]{subsubsection.4.2.1}{\376\377\000D\000i\000s\000c\000r\000\351\000t\000i\000s\000a\000t\000i\000o\000n\000\040\000d\000u\000\040\000p\000r\000o\000b\000l\000\350\000m\000e}{subsection.4.2}% 11
\BOOKMARK [3][-]{subsubsection.4.2.2}{\376\377\000C\000o\000n\000s\000t\000r\000u\000c\000t\000i\000o\000n\000\040\000d\000u\000\040\000s\000y\000s\000t\000\350\000m\000e\000\040\000l\000i\000n\000\351\000a\000i\000r\000e}{subsection.4.2}% 12
\BOOKMARK [3][-]{subsubsection.4.2.3}{\376\377\000R\000\351\000s\000o\000l\000u\000t\000i\000o\000n\000\040\000n\000u\000m\000\351\000r\000i\000q\000u\000e}{subsection.4.2}% 13
\BOOKMARK [2][-]{subsection.4.3}{\376\377\000E\000t\000u\000d\000e\000\040\000e\000x\000p\000\351\000r\000i\000m\000e\000n\000t\000a\000l\000e}{section.4}% 14
\BOOKMARK [3][-]{subsubsection.4.3.1}{\376\377\000P\000r\000\351\000s\000e\000n\000t\000a\000t\000i\000o\000n\000\040\000d\000u\000\040\000d\000i\000s\000p\000o\000s\000i\000t\000i\000f\000\040\000e\000x\000p\000\351\000r\000i\000m\000e\000n\000t\000a\000l}{subsection.4.3}% 15
\BOOKMARK [3][-]{subsubsection.4.3.2}{\376\377\000M\000e\000s\000u\000r\000e\000s\000\040\000e\000t\000\040\000r\000\351\000s\000u\000l\000t\000a\000t\000s}{subsection.4.3}% 16
\BOOKMARK [2][-]{subsection.4.4}{\376\377\000D\000i\000s\000c\000u\000s\000s\000i\000o\000n}{section.4}% 17
\BOOKMARK [1][-]{section.5}{\376\377\000C\000o\000n\000c\000l\000u\000s\000i\000o\000n\000\040\000g\000\351\000n\000\351\000r\000a\000l\000e}{}% 18
\BOOKMARK [1][-]{section*.3}{\376\377\000R\000\351\000f\000\351\000r\000e\000n\000c\000e\000s}{}% 19
\BOOKMARK [1][-]{section*.4}{\376\377\000A\000n\000n\000e\000x\000e\000s}{}% 20
\BOOKMARK [1][-]{appendix.A}{\376\377\000M\000\351\000t\000h\000o\000d\000e\000\040\000d\000e\000s\000\040\000d\000i\000f\000f\000\351\000r\000e\000n\000c\000e\000s\000\040\000f\000i\000n\000i\000e\000s}{}% 21
\BOOKMARK [1][-]{appendix.B}{\376\377\000E\000c\000r\000i\000t\000u\000r\000e\000\040\000d\000e\000s\000\040\000m\000a\000t\000r\000i\000c\000e\000s\000\040\000A\000\040\000e\000t\000\040\000b\000\040\000d\000u\000\040\000s\000y\000s\000t\000\350\000m\000e\000\040\000l\000i\000n\000\351\000a\000i\000r\000e}{}% 22
\BOOKMARK [1][-]{appendix.C}{\376\377\000E\000r\000r\000e\000u\000r\000\040\000R\000e\000l\000a\000t\000i\000v\000e}{}% 23
\BOOKMARK [1][-]{appendix.D}{\376\377\000D\000o\000n\000n\000\351\000e\000s\000\040\000e\000x\000p\000\351\000r\000i\000m\000e\000n\000t\000a\000l\000e\000s\000\040\000d\000e\000\040\000p\000o\000s\000i\000t\000i\000o\000n\000\040\000h\000o\000r\000i\000z\000o\000n\000t\000a\000l\000e\000\040\000e\000t\000\040\000d\000\351\000f\000o\000r\000m\000a\000t\000i\000o\000n\000\040\000v\000e\000r\000t\000i\000c\000a\000l\000e\000\040\000d\000u\000\040\000s\000k\000i}{}% 24
